<?xml version="1.0" encoding="UTF-8"?>
<TestRun id="47e08fa1-f01d-4f9e-8d76-c66ef27a2687" name="thedole@THEDOLE-ASUS 2012-12-17 23:42:55" runUser="THEDOLE-ASUS\thedole" xmlns="http://microsoft.com/schemas/VisualStudio/TeamTest/2010">
  <TestSettings name="Local" id="168ee60e-43ee-4ad3-b024-3f224d347f6b">
    <Description>These are default test settings for a local test run.</Description>
    <Deployment userDeploymentRoot="C:\Users\thedole\Documents\Visual Studio 2010\Projects\CodePlay\GameOfLife\GameOfLife01\TestResults" useDefaultDeploymentRoot="false" enabled="false" runDeploymentRoot="thedole_THEDOLE-ASUS 2012-12-17 23_42_55" />
    <Execution>
      <TestTypeSpecific />
      <AgentRule name="Execution Agents">
      </AgentRule>
    </Execution>
  </TestSettings>
  <Times creation="2012-12-17T23:42:55.6568419+01:00" queuing="2012-12-17T23:42:55.7268459+01:00" start="2012-12-17T23:42:55.7378465+01:00" finish="2012-12-17T23:42:56.2868779+01:00" />
  <ResultSummary outcome="Completed">
    <Counters total="1" executed="1" passed="1" error="0" failed="0" timeout="0" aborted="0" inconclusive="0" passedButRunAborted="0" notRunnable="0" notExecuted="0" disconnected="0" warning="0" completed="0" inProgress="0" pending="0" />
  </ResultSummary>
  <TestDefinitions>
    <UnitTest name="AliveNeighbourCountOfCellWithNoAliveNeighboursIsZero" storage="c:\users\thedole\documents\visual studio 2010\projects\codeplay\gameoflife\gameoflife01\gameoflife01\bin\debug\gameoflife01.dll" id="a9509168-a54c-c855-d43d-41f48f59157a">
      <Execution id="624f5187-eeee-4f70-8a3f-2edca7542b05" />
      <TestMethod codeBase="C:/Users/thedole/Documents/Visual Studio 2010/Projects/CodePlay/GameOfLife/GameOfLife01/GameOfLife01/bin/Debug/GameOfLife01.DLL" adapterTypeName="Microsoft.VisualStudio.TestTools.TestTypes.Unit.UnitTestAdapter, Microsoft.VisualStudio.QualityTools.Tips.UnitTest.Adapter, Version=10.0.0.0, Culture=neutral, PublicKeyToken=b03f5f7f11d50a3a" className="GameOfLife01.UnitTest1, GameOfLife01, Version=1.0.0.0, Culture=neutral, PublicKeyToken=null" name="AliveNeighbourCountOfCellWithNoAliveNeighboursIsZero" />
    </UnitTest>
  </TestDefinitions>
  <TestLists>
    <TestList name="Results Not in a List" id="8c84fa94-04c1-424b-9868-57a2d4851a1d" />
    <TestList name="All Loaded Results" id="19431567-8539-422a-85d7-44ee4e166bda" />
  </TestLists>
  <TestEntries>
    <TestEntry testId="a9509168-a54c-c855-d43d-41f48f59157a" executionId="624f5187-eeee-4f70-8a3f-2edca7542b05" testListId="8c84fa94-04c1-424b-9868-57a2d4851a1d" />
  </TestEntries>
  <Results>
    <UnitTestResult executionId="624f5187-eeee-4f70-8a3f-2edca7542b05" testId="a9509168-a54c-c855-d43d-41f48f59157a" testName="AliveNeighbourCountOfCellWithNoAliveNeighboursIsZero" computerName="THEDOLE-ASUS" duration="00:00:00.0244173" startTime="2012-12-17T23:42:55.7428468+01:00" endTime="2012-12-17T23:42:56.2568762+01:00" testType="13cdc9d9-ddb5-4fa4-a97d-d965ccfc6d4b" outcome="Passed" testListId="8c84fa94-04c1-424b-9868-57a2d4851a1d" relativeResultsDirectory="624f5187-eeee-4f70-8a3f-2edca7542b05">
    </UnitTestResult>
  </Results>
</TestRun>