<?xml version="1.0" encoding="UTF-8"?>
<TestRun id="344b8901-c409-46fc-aab5-9ffa0babb4b8" name="thedole@THEDOLE-ASUS 2012-12-18 00:19:42" runUser="THEDOLE-ASUS\thedole" xmlns="http://microsoft.com/schemas/VisualStudio/TeamTest/2010">
  <TestSettings name="Local" id="168ee60e-43ee-4ad3-b024-3f224d347f6b">
    <Description>These are default test settings for a local test run.</Description>
    <Deployment userDeploymentRoot="C:\Users\thedole\Documents\Visual Studio 2010\Projects\CodePlay\GameOfLife\GameOfLife01\TestResults" useDefaultDeploymentRoot="false" enabled="false" runDeploymentRoot="thedole_THEDOLE-ASUS 2012-12-18 00_19_42" />
    <Execution>
      <TestTypeSpecific />
      <AgentRule name="Execution Agents">
      </AgentRule>
    </Execution>
  </TestSettings>
  <Times creation="2012-12-18T00:19:42.2824295+01:00" queuing="2012-12-18T00:19:45.1709346+01:00" start="2012-12-18T00:19:45.6102354+01:00" finish="2012-12-18T00:33:29.8109124+01:00" />
  <ResultSummary outcome="Failed">
    <Counters total="1" executed="1" error="0" failed="1" timeout="0" aborted="0" inconclusive="0" passedButRunAborted="0" notRunnable="0" notExecuted="0" disconnected="0" warning="0" passed="0" completed="0" inProgress="0" pending="0" />
  </ResultSummary>
  <TestDefinitions>
    <UnitTest name="AliveNeighbourCountOfEightConnectedNeighboursOn5x5grid" storage="c:\users\thedole\documents\visual studio 2010\projects\codeplay\gameoflife\gameoflife01\gameoflife01\bin\debug\gameoflife01.dll" id="e6a6b768-0d9f-404e-1089-104d118957f4">
      <Execution id="e486c92a-d40b-4f43-ad6e-cdc4a87c75a0" />
      <TestMethod codeBase="C:/Users/thedole/Documents/Visual Studio 2010/Projects/CodePlay/GameOfLife/GameOfLife01/GameOfLife01/bin/Debug/GameOfLife01.DLL" adapterTypeName="Microsoft.VisualStudio.TestTools.TestTypes.Unit.UnitTestAdapter, Microsoft.VisualStudio.QualityTools.Tips.UnitTest.Adapter, Version=10.0.0.0, Culture=neutral, PublicKeyToken=b03f5f7f11d50a3a" className="GameOfLife01.UnitTest1, GameOfLife01, Version=1.0.0.0, Culture=neutral, PublicKeyToken=null" name="AliveNeighbourCountOfEightConnectedNeighboursOn5x5grid" />
    </UnitTest>
  </TestDefinitions>
  <TestLists>
    <TestList name="Results Not in a List" id="8c84fa94-04c1-424b-9868-57a2d4851a1d" />
    <TestList name="All Loaded Results" id="19431567-8539-422a-85d7-44ee4e166bda" />
  </TestLists>
  <TestEntries>
    <TestEntry testId="e6a6b768-0d9f-404e-1089-104d118957f4" executionId="e486c92a-d40b-4f43-ad6e-cdc4a87c75a0" testListId="8c84fa94-04c1-424b-9868-57a2d4851a1d" />
  </TestEntries>
  <Results>
    <UnitTestResult executionId="e486c92a-d40b-4f43-ad6e-cdc4a87c75a0" testId="e6a6b768-0d9f-404e-1089-104d118957f4" testName="AliveNeighbourCountOfEightConnectedNeighboursOn5x5grid" computerName="THEDOLE-ASUS" duration="00:13:41.3930621" startTime="2012-12-18T00:19:46.2342365+01:00" endTime="2012-12-18T00:33:29.6237120+01:00" testType="13cdc9d9-ddb5-4fa4-a97d-d965ccfc6d4b" outcome="Failed" testListId="8c84fa94-04c1-424b-9868-57a2d4851a1d" relativeResultsDirectory="e486c92a-d40b-4f43-ad6e-cdc4a87c75a0">
      <Output>
        <ErrorInfo>
          <Message>Assert.AreEqual failed. Expected:&lt;0&gt;. Actual:&lt;1&gt;. </Message>
          <StackTrace>   at GameOfLife01.UnitTest1.AliveNeighbourCountOfEightConnectedNeighboursOn5x5grid() in C:\Users\thedole\Documents\Visual Studio 2010\Projects\CodePlay\GameOfLife\GameOfLife01\GameOfLife01\UnitTest1.cs:line 82
</StackTrace>
        </ErrorInfo>
      </Output>
    </UnitTestResult>
  </Results>
</TestRun>